// Jest Snapshot v1, https://goo.gl/fbAQLP

exports[`Tag should match styles 1`] = `
.emotion-0 {
  font-family: -apple-system,BlinkMacSystemFont,San Francisco,Roboto,Segoe UI,Helvetica Neue,sans-serif;
  font-weight: 700;
  font-size: 1.5rem;
  line-height: 1.3333333333333333;
  -webkit-letter-spacing: 0.05em;
  -moz-letter-spacing: 0.05em;
  -ms-letter-spacing: 0.05em;
  letter-spacing: 0.05em;
  text-transform: uppercase;
  background: #cd2f83;
  color: #f8f9fa;
  margin: 0 0.4rem 0.4rem 0;
  padding: 0.4rem 0.8rem;
}

<div>
  <span
    class="emotion-0 emotion-1"
  >
    hello
  </span>
</div>
`;
