// Jest Snapshot v1, https://goo.gl/fbAQLP

exports[`Heading Component when nothing specified should render correctly 1`] = `
<ForwardRef
  color="dark"
  size="medium"
>
  Hello
</ForwardRef>
`;
