// Jest Snapshot v1, https://goo.gl/fbAQLP

exports[`Markdown Pre should render a pre 1`] = `
<pre
  class="rsg--pre-0"
>
  This is pre-formatted text.
</pre>
`;

exports[`Markdown Pre should render highlighted code 1`] = `
<pre
  class="lang-html rsg--pre-0"
>
  <button>
    OK
  </button>
</pre>
`;
