// Jest Snapshot v1, https://goo.gl/fbAQLP

exports[`Button Component when nothing specified should render without issue 1`] = `
.c0 {
  background-color: #519CB0;
  border: 1px solid #519CB0;
  color: #FFFFFF;
  font-size: 2.04ex;
  padding: 10px 12px;
  border-radius: 3px;
  cursor: pointer;
}

.c0:hover {
  background-color: #27768B;
}

@media (min-width:768px) {
  .c0 {
    font-size: 2.08ex;
  }
}

<button
  className="c0"
  mode="primary"
  onClick={[Function]}
  size="medium"
>
  Hello
</button>
`;
